Module "mutatee.cxx"
    GLOBAL_bool (DEN_uint8_type)
    GLOBAL_int8_t (DEN_int8_type)
    GLOBAL_int16_t (DEN_int16_type)
    GLOBAL_int32_t (DEN_int32_type)
    GLOBAL_int64_t (DEN_int64_type)
    GLOBAL_uint8_t (DEN_uint8_type)
    GLOBAL_uint16_t (DEN_uint16_type)
    GLOBAL_uint32_t (DEN_uint32_type)
    GLOBAL_char (DEN_int8_type)
    GLOBAL_int (DEN_int32_type)
    GLOBAL_long_long (DEN_int64_type)
    GLOBAL_float (DEN_float32_type)
    GLOBAL_double (DEN_float64_type)
    GLOBAL_char_ptr (DEN_pointer_type)
    GLOBAL_char_ref (DEN_reference_type)
    GLOBAL_enum (DEN_union_type)
    GLOBAL_struct (DEN_struct_type)
    GLOBAL_union (DEN_union_type)
    GLOBAL_nested_type (DEN_int32_type)
