
Initializing DPCL...
Creating process...
Success Module "mutatee.c module.address_start() is nonzero, module.address_end() is nonzero )
Success Module "DEFAULT_MODULE module.address_start() is nonzero, module.address_end() is nonzero )
Success Module "libdl.so.2 module.address_start() is nonzero, module.address_end() is nonzero )
Success Module "libc.so.6.1 module.address_start() is nonzero, module.address_end() is nonzero )
Success Module "ld-linux-ia64.so.2 module.address_start() is nonzero, module.address_end() is nonzero )
Success Module "libdyninstAPI_RT.so.1 module.address_start() is nonzero, module.address_end() is nonzero )
Success Module "libdpclRT.so.1 module.address_start() is nonzero, module.address_end() is nonzero )
Success Module "libelf.so.0 module.address_start() is nonzero, module.address_end() is nonzero )
Success Module "libcrypt.so.1 module.address_start() is nonzero, module.address_end() is nonzero )
Success Module "libstdc++.so.5 module.address_start() is nonzero, module.address_end() is nonzero )
Success Module "libm.so.6.1 module.address_start() is nonzero, module.address_end() is nonzero )
Success Module "libgcc_s.so.1 module.address_start() is nonzero, module.address_end() is nonzero )
Destroying process...
