Doing 30 calls to sleep
Found symtab
Hello world from myprobe module

Hello world from myprobe module

Hello world from myprobe module

Hello world from myprobe module

Hello world from myprobe module

Hello world from myprobe module

Hello world from myprobe module

Hello world from myprobe module

Hello world from myprobe module

Hello world from myprobe module

Hello world from myprobe module

Hello world from myprobe module

Hello world from myprobe module

Hello world from myprobe module

Hello world from myprobe module

Hello world from myprobe module

Hello world from myprobe module

Hello world from myprobe module

Hello world from myprobe module

Hello world from myprobe module

Hello world from myprobe module

Hello world from myprobe module

Hello world from myprobe module

Hello world from myprobe module

Hello world from myprobe module

Hello world from myprobe module

Hello world from myprobe module

Hello world from myprobe module

Hello world from myprobe module

Hello world from myprobe module

Counted 30 calls to sleep()!
SUCCESS
