_start
>__libc_start_main
>> @ 71 in main
>>>__libc_pread
>> @ 41 in main
>>>__libc_open
>> @ 113 in main
>>>__libc_close
>> @ 51 in main
>>>__libc_read
>> @ 92 in main
>>>__dup
>> @ 82 in main
>>>__dup2
>> @ 103 in main
>>>__pipe
>> @ 10 in main
>>>__GI___libc_creat
>> @ 62 in main
>>>__libc_lseek
