_start
>__libc_start_main
>> @ 71 in main
>>>__libc_pread
_start
>__libc_start_main
>> @ 41 in main
>>>__libc_open
_start
>__libc_start_main
>> @ 113 in main
>>>__libc_close
_start
>__libc_start_main
>> @ 51 in main
>>>__libc_read
_start
>__libc_start_main
>> @ 92 in main
>>>__dup
_start
>__libc_start_main
>> @ 82 in main
>>>__dup2
_start
>__libc_start_main
>> @ 103 in main
>>>__pipe
_start
>__libc_start_main
>> @ 10 in main
>>>__GI___libc_creat
_start
>__libc_start_main
>> @ 62 in main
>>>__libc_lseek
