      Inclusive Time  Function Name
              6.5000  __libc_start_main(libc.so.6.1)
              6.5000  work(mutatee: mutatee.c,33)
              6.5000  _start(mutatee)
              3.0000  f3(mutatee: mutatee.c,27)
              2.0000  f2(mutatee: mutatee.c,18)
              1.0000  f1(mutatee: mutatee.c,9)
