      Inclusive Time  Function (defining location)
              6.0000  MAIN__(mutatee: mutatee.f,1)
              6.0000  _start(mutatee: start.S,47)
              6.0000  main(mutatee)
              6.0000  __libc_start_main(libc.so.6)
              6.0000  work_ (mutatee: mutatee.f,12)
              3.0000  f3_(mutatee: mutatee.f,24)
              2.0000  f2_(mutatee: mutatee.f,33)
              1.0000  f1_(mutatee: mutatee.f,43)
