__GI_write(libc.so.6.1)
__libc_pread(libc.so.6.1)
__GI___lseek(libc.so.6.1)
__GI___libc_creat(libc.so.6.1)
__dup(libc.so.6.1)
__GI_open(libc.so.6.1)
__pipe(libc.so.6.1)
__GI_read(libc.so.6.1)
__dup2(libc.so.6.1)
__GI_close(libc.so.6.1)
main(mutatee: mutatee.c,10)
_start(mutatee)
_IO_file_write@@GLIBC_2.2(libc.so.6.1)
_IO_file_xsputn@@GLIBC_2.2(libc.so.6.1)
new_do_write(libc.so.6.1)
perror(libc.so.6.1)
perror_internal(libc.so.6.1)
fprintf(libc.so.6.1)
_IO_vfprintf(libc.so.6.1)
buffered_vfprintf(libc.so.6.1)
__libc_start_main(libc.so.6.1)
Report Summary
